Flutter crash report.
Please report a bug at https://github.com/flutter/flutter/issues.

## command

flutter build apk --debug

## exception

ProcessPackageException: ProcessException: Found candidates, but lacked sufficient permissions to execute "/home/workdir/artifacts/netemu/android/gradlew".
  Command: /home/workdir/artifacts/netemu/android/gradlew 

```
#0      LocalProcessManager.start (package:process/src/interface/local_process_manager.dart:56:7)
#1      ErrorHandlingProcessManager.start.<anonymous closure> (package:flutter_tools/src/base/error_handling_io.dart:651:26)
#2      _run (package:flutter_tools/src/base/error_handling_io.dart:511:20)
#3      ErrorHandlingProcessManager.start (package:flutter_tools/src/base/error_handling_io.dart:649:12)
#4      _DefaultProcessUtils.start (package:flutter_tools/src/base/process.dart:510:28)
#5      _DefaultProcessUtils.stream (package:flutter_tools/src/base/process.dart:530:35)
#6      AndroidGradleBuilder._runGradleTask (package:flutter_tools/src/android/gradle.dart:343:38)
#7      AndroidGradleBuilder.buildGradleApp (package:flutter_tools/src/android/gradle.dart:559:32)
<asynchronous suspension>
#8      AndroidGradleBuilder.buildApk (package:flutter_tools/src/android/gradle.dart:242:5)
<asynchronous suspension>
#9      BuildApkCommand.runCommand (package:flutter_tools/src/commands/build_apk.dart:141:5)
<asynchronous suspension>
#10     FlutterCommand.run.<anonymous closure> (package:flutter_tools/src/runner/flutter_command.dart:1563:27)
<asynchronous suspension>
#11     AppContext.run.<anonymous closure> (package:flutter_tools/src/base/context.dart:154:19)
<asynchronous suspension>
#12     CommandRunner.runCommand (package:args/command_runner.dart:212:13)
<asynchronous suspension>
#13     FlutterCommandRunner.runCommand.<anonymous closure> (package:flutter_tools/src/runner/flutter_command_runner.dart:494:9)
<asynchronous suspension>
#14     AppContext.run.<anonymous closure> (package:flutter_tools/src/base/context.dart:154:19)
<asynchronous suspension>
#15     FlutterCommandRunner.runCommand (package:flutter_tools/src/runner/flutter_command_runner.dart:431:5)
<asynchronous suspension>
#16     run.<anonymous closure>.<anonymous closure> (package:flutter_tools/runner.dart:98:11)
<asynchronous suspension>
#17     AppContext.run.<anonymous closure> (package:flutter_tools/src/base/context.dart:154:19)
<asynchronous suspension>
#18     main (package:flutter_tools/executable.dart:102:3)
<asynchronous suspension>
```

## flutter doctor

```
[✓] Flutter (Channel stable, 3.32.5, on Ubuntu 24.04.4 LTS 6.12.8+, locale en_US) [95ms]
    • Flutter version 3.32.5 on channel stable at /opt/flutter
    • Upstream repository https://github.com/flutter/flutter.git
    • Framework revision fcf2c11572 (1 year, 2 months ago), 2025-06-24 11:44:07 -0700
    • Engine revision dd93de6fb1
    • Dart version 3.8.1
    • DevTools version 2.45.1

[✓] Android toolchain - develop for Android devices (Android SDK version 34.0.0) [1,776ms]
    • Android SDK at /opt/android-sdk
    • Platform android-34, build-tools 34.0.0
    • ANDROID_HOME = /opt/android-sdk
    • Java binary at: /usr/bin/java
      This JDK was found in the system PATH.
      To manually set the JDK path, use: `flutter config --jdk-dir="path/to/jdk"`.
    • Java version OpenJDK Runtime Environment (build 21.0.10+7-Ubuntu-124.04)
    • All Android licenses accepted.

[✓] Chrome - develop for the web [10ms]
    • Chrome at google-chrome

[✗] Linux toolchain - develop for Linux desktop [136ms]
    • Ubuntu clang version 18.1.3 (1ubuntu1)
    • cmake version 3.28.3
    ✗ ninja is required for Linux development.
      It is likely available from your distribution (e.g.: apt install ninja-build), or can be downloaded from https://github.com/ninja-build/ninja/releases
    • pkg-config version 1.8.1
    ✗ GTK 3.0 development libraries are required for Linux development.
      They are likely available from your distribution (e.g.: apt install libgtk-3-dev)
    ! Unable to access driver information using 'eglinfo'.
      It is likely available from your distribution (e.g.: apt install mesa-utils)

[!] Android Studio (not installed) [7ms]
    • Android Studio not found; download from https://developer.android.com/studio/index.html
      (or visit https://flutter.dev/to/linux-android-setup for detailed instructions).

[✓] Connected device (2 available) [136ms]
    • Linux (desktop) • linux  • linux-x64      • Ubuntu 24.04.4 LTS 6.12.8+
    • Chrome (web)    • chrome • web-javascript • Google Chrome 148.0.7778.167

[✓] Network resources [137ms]
    • All expected network resources are available.

! Doctor found issues in 2 categories.
```
